A(net/spc/best.json) vs B(MC): 5/6  bAAAAA  avgMargin +90.2
A(net/spc/it1w.json) vs B(net/spc/best.json): 10/16  bbAbAAbAAbAAbAAA  avgMargin +5.3
A(net/spc/it1w.json) vs B(net/spc/best.json): 8/16  AAbbbbAAAbbbbAAA  avgMargin +11.3
A(net/spc/best.json) vs B(MC): 6/6  AAAAAA  avgMargin +102.2
A(net/spc/best.json) vs B(MC): 4/6  AAAAbb  avgMargin +30.3
A(net/spc/it2w.json) vs B(net/spc/best.json): 9/16  bAAAbAbAbbAAbAbA  avgMargin -3.4
A(net/spc/it2w.json) vs B(net/spc/best.json): 7/16  bAbAAbbbbAbbAAAb  avgMargin -7.4
A(net/spc/it3w.json) vs B(net/spc/best.json): 5/16  AbbAbAbbbAbbbAbb  avgMargin -6.4
A(net/spc/it3w.json) vs B(net/spc/best.json): 12/16  AAAAbAAAAAAbbAAb  avgMargin +15.3
A(net/spc/it4w.json) vs B(net/spc/best.json): 9/16  AbbAbAbAbAbAbAAA  avgMargin +3.5
A(net/spc/it4w.json) vs B(net/spc/best.json): 11/16  bbAAAAAbbAAAAbAA  avgMargin +5.7
A(net/spc/best.json) vs B(MC): 6/6  AAAAAA  avgMargin +126.7
A(net/spc/best.json) vs B(MC): 5/6  AAbAAA  avgMargin +25.5
A(net/spc/it5w.json) vs B(net/spc/best.json): 10/16  bAbAbAbAAAAAbAbA  avgMargin +12.1
A(net/spc/it5w.json) vs B(net/spc/best.json): 9/16  bAbAAAAAAbbAbbbA  avgMargin +4.4
A(net/spc/best.json) vs B(MC): 6/6  AAAAAA  avgMargin +81.3
A(net/spc/best.json) vs B(MC): 5/6  bAAAAA  avgMargin +41.3
A(net/spc/it6w.json) vs B(net/spc/best.json): 7/16  bAAAAbAbAbbbbbAb  avgMargin -5.3
A(net/spc/it6w.json) vs B(net/spc/best.json): 9/16  bbAAAAAAbAbAAbbb  avgMargin +5.8
A(net/spc/it7w.json) vs B(net/spc/best.json): 7/16  AbbAbbbAAbbbAbAA  avgMargin -5.5
A(net/spc/it7w.json) vs B(net/spc/best.json): 6/16  bbbAbbAbbAAAbbAb  avgMargin +2.4
A(net/spc/it8w.json) vs B(net/spc/best.json): 7/16  AAbAbAbAbbbAAbbb  avgMargin -6.0
A(net/spc/it8w.json) vs B(net/spc/best.json): 8/16  AbbAbAbbAAAAbAbb  avgMargin -8.2
A(net/spc/it9w.json) vs B(net/spc/best.json): 7/16  AbbbbbAbbAAAbAbA  avgMargin -6.7
