[net/spc/it1_1.jsonl] game 1/12 tri/s moves 57 winner white x4sym +224 (tot 224)
[net/spc/it1_3.jsonl] game 1/12 tri/s moves 55 winner black x4sym +216 (tot 216)
[net/spc/it1_2.jsonl] game 1/12 tri/s moves 64 winner black x4sym +252 (tot 252)
[net/spc/it1_2.jsonl] game 2/12 tri/m moves 85 winner white x4sym +336 (tot 588)
[net/spc/it1_3.jsonl] game 2/12 tri/m moves 96 winner white x4sym +380 (tot 596)
[net/spc/it1_1.jsonl] game 2/12 tri/m moves 96 winner white x4sym +376 (tot 600)
[net/spc/it1_1.jsonl] game 3/12 tri/l moves 122 winner black x4sym +484 (tot 1084)
[net/spc/it1_2.jsonl] game 3/12 tri/l moves 130 winner black x4sym +516 (tot 1104)
[net/spc/it1_3.jsonl] game 3/12 tri/l moves 125 winner white x4sym +496 (tot 1092)
[net/spc/it1_1.jsonl] game 4/12 elong/s moves 75 winner white x1sym +74 (tot 1158)
[net/spc/it1_2.jsonl] game 4/12 elong/s moves 91 winner black x1sym +90 (tot 1194)
[net/spc/it1_3.jsonl] game 4/12 elong/s moves 92 winner white x1sym +91 (tot 1183)
[net/spc/it1_1.jsonl] game 5/12 elong/m moves 120 winner black x1sym +119 (tot 1277)
[net/spc/it1_2.jsonl] game 5/12 elong/m moves 111 winner white x1sym +110 (tot 1304)
[net/spc/it1_3.jsonl] game 5/12 elong/m moves 127 winner black x1sym +126 (tot 1309)
[net/spc/it1_1.jsonl] game 6/12 elong/l moves 160 winner black x1sym +159 (tot 1436)
[net/spc/it1_1.jsonl] game 7/12 tri/s moves 51 winner black x4sym +200 (tot 1636)
[net/spc/it1_2.jsonl] game 6/12 elong/l moves 159 winner black x1sym +158 (tot 1462)
[net/spc/it1_3.jsonl] game 6/12 elong/l moves 162 winner white x1sym +161 (tot 1470)
[net/spc/it1_2.jsonl] game 7/12 tri/s moves 78 winner black x4sym +308 (tot 1770)
[net/spc/it1_3.jsonl] game 7/12 tri/s moves 57 winner black x4sym +224 (tot 1694)
[net/spc/it1_1.jsonl] game 8/12 tri/m moves 106 winner black x4sym +420 (tot 2056)
[net/spc/it1_2.jsonl] game 8/12 tri/m moves 65 winner white x4sym +256 (tot 2026)
[net/spc/it1_3.jsonl] game 8/12 tri/m moves 78 winner white x4sym +308 (tot 2002)
[net/spc/it1_1.jsonl] game 9/12 tri/l moves 130 winner black x4sym +516 (tot 2572)
[net/spc/it1_2.jsonl] game 9/12 tri/l moves 137 winner white x4sym +544 (tot 2570)
[net/spc/it1_3.jsonl] game 9/12 tri/l moves 114 winner black x4sym +452 (tot 2454)
[net/spc/it1_1.jsonl] game 10/12 elong/s moves 85 winner black x1sym +84 (tot 2656)
[net/spc/it1_2.jsonl] game 10/12 elong/s moves 91 winner black x1sym +90 (tot 2660)
[net/spc/it1_3.jsonl] game 10/12 elong/s moves 83 winner black x1sym +82 (tot 2536)
[net/spc/it1_1.jsonl] game 11/12 elong/m moves 137 winner white x1sym +136 (tot 2792)
[net/spc/it1_2.jsonl] game 11/12 elong/m moves 111 winner white x1sym +110 (tot 2770)
[net/spc/it1_3.jsonl] game 11/12 elong/m moves 115 winner white x1sym +113 (tot 2649)
[net/spc/it1_2.jsonl] game 12/12 elong/l moves 173 winner white x1sym +172 (tot 2942)
DONE net/spc/it1_2.jsonl: 2942 positions
[net/spc/it1_1.jsonl] game 12/12 elong/l moves 167 winner white x1sym +165 (tot 2957)
DONE net/spc/it1_1.jsonl: 2957 positions
[net/spc/it1_3.jsonl] game 12/12 elong/l moves 164 winner black x1sym +163 (tot 2812)
DONE net/spc/it1_3.jsonl: 2812 positions
[net/spc/it2_3.jsonl] game 1/12 tri/s moves 59 winner black x4sym +232 (tot 232)
[net/spc/it2_1.jsonl] game 1/12 tri/s moves 61 winner white x4sym +240 (tot 240)
[net/spc/it2_2.jsonl] game 1/12 tri/s moves 72 winner white x4sym +284 (tot 284)
[net/spc/it2_3.jsonl] game 2/12 tri/m moves 95 winner white x4sym +376 (tot 608)
[net/spc/it2_1.jsonl] game 2/12 tri/m moves 108 winner white x4sym +424 (tot 664)
[net/spc/it2_2.jsonl] game 2/12 tri/m moves 104 winner black x4sym +408 (tot 692)
[net/spc/it2_3.jsonl] game 3/12 tri/l moves 131 winner black x4sym +520 (tot 1128)
[net/spc/it2_2.jsonl] game 3/12 tri/l moves 116 winner white x4sym +460 (tot 1152)
[net/spc/it2_1.jsonl] game 3/12 tri/l moves 137 winner black x4sym +544 (tot 1208)
[net/spc/it2_3.jsonl] game 4/12 elong/s moves 86 winner white x1sym +85 (tot 1213)
[net/spc/it2_2.jsonl] game 4/12 elong/s moves 95 winner white x1sym +94 (tot 1246)
[net/spc/it2_1.jsonl] game 4/12 elong/s moves 80 winner black x1sym +79 (tot 1287)
[net/spc/it2_3.jsonl] game 5/12 elong/m moves 130 winner black x1sym +129 (tot 1342)
[net/spc/it2_1.jsonl] game 5/12 elong/m moves 125 winner black x1sym +124 (tot 1411)
[net/spc/it2_2.jsonl] game 5/12 elong/m moves 117 winner white x1sym +116 (tot 1362)
[net/spc/it2_3.jsonl] game 6/12 elong/l moves 173 winner black x1sym +172 (tot 1514)
[net/spc/it2_2.jsonl] game 6/12 elong/l moves 154 winner black x1sym +153 (tot 1515)
[net/spc/it2_1.jsonl] game 6/12 elong/l moves 176 winner black x1sym +175 (tot 1586)
[net/spc/it2_3.jsonl] game 7/12 tri/s moves 61 winner white x4sym +240 (tot 1754)
[net/spc/it2_2.jsonl] game 7/12 tri/s moves 60 winner white x4sym +236 (tot 1751)
[net/spc/it2_1.jsonl] game 7/12 tri/s moves 62 winner white x4sym +244 (tot 1830)
[net/spc/it2_3.jsonl] game 8/12 tri/m moves 91 winner white x4sym +360 (tot 2114)
[net/spc/it2_2.jsonl] game 8/12 tri/m moves 82 winner white x4sym +324 (tot 2075)
[net/spc/it2_1.jsonl] game 8/12 tri/m moves 94 winner white x4sym +372 (tot 2202)
[net/spc/it2_2.jsonl] game 9/12 tri/l moves 116 winner black x4sym +460 (tot 2535)
[net/spc/it2_3.jsonl] game 9/12 tri/l moves 133 winner black x4sym +528 (tot 2642)
[net/spc/it2_1.jsonl] game 9/12 tri/l moves 133 winner white x4sym +528 (tot 2730)
[net/spc/it2_2.jsonl] game 10/12 elong/s moves 80 winner white x1sym +79 (tot 2614)
[net/spc/it2_3.jsonl] game 10/12 elong/s moves 81 winner black x1sym +79 (tot 2721)
[net/spc/it2_1.jsonl] game 10/12 elong/s moves 84 winner black x1sym +82 (tot 2812)
[net/spc/it2_3.jsonl] game 11/12 elong/m moves 119 winner white x1sym +118 (tot 2839)
[net/spc/it2_1.jsonl] game 11/12 elong/m moves 140 winner black x1sym +139 (tot 2951)
[net/spc/it2_2.jsonl] game 11/12 elong/m moves 121 winner black x1sym +120 (tot 2734)
[net/spc/it2_3.jsonl] game 12/12 elong/l moves 158 winner black x1sym +157 (tot 2996)
DONE net/spc/it2_3.jsonl: 2996 positions
[net/spc/it2_1.jsonl] game 12/12 elong/l moves 168 winner black x1sym +167 (tot 3118)
DONE net/spc/it2_1.jsonl: 3118 positions
[net/spc/it2_2.jsonl] game 12/12 elong/l moves 147 winner white x1sym +146 (tot 2880)
DONE net/spc/it2_2.jsonl: 2880 positions
[net/spc/it3_3.jsonl] game 1/12 tri/s moves 63 winner white x4sym +248 (tot 248)
[net/spc/it3_2.jsonl] game 1/12 tri/s moves 71 winner black x4sym +280 (tot 280)
[net/spc/it3_1.jsonl] game 1/12 tri/s moves 75 winner white x4sym +292 (tot 292)
[net/spc/it3_3.jsonl] game 2/12 tri/m moves 91 winner white x4sym +360 (tot 608)
[net/spc/it3_1.jsonl] game 2/12 tri/m moves 92 winner white x4sym +364 (tot 656)
[net/spc/it3_2.jsonl] game 2/12 tri/m moves 98 winner black x4sym +388 (tot 668)
[net/spc/it3_3.jsonl] game 3/12 tri/l moves 135 winner white x4sym +536 (tot 1144)
[net/spc/it3_2.jsonl] game 3/12 tri/l moves 135 winner white x4sym +536 (tot 1204)
[net/spc/it3_1.jsonl] game 3/12 tri/l moves 132 winner black x4sym +524 (tot 1180)
[net/spc/it3_2.jsonl] game 4/12 elong/s moves 72 winner white x1sym +71 (tot 1275)
[net/spc/it3_3.jsonl] game 4/12 elong/s moves 93 winner black x1sym +92 (tot 1236)
[net/spc/it3_1.jsonl] game 4/12 elong/s moves 103 winner white x1sym +102 (tot 1282)
[net/spc/it3_2.jsonl] game 5/12 elong/m moves 133 winner white x1sym +131 (tot 1406)
[net/spc/it3_3.jsonl] game 5/12 elong/m moves 110 winner black x1sym +108 (tot 1344)
[net/spc/it3_1.jsonl] game 5/12 elong/m moves 110 winner black x1sym +109 (tot 1391)
[net/spc/it3_3.jsonl] game 6/12 elong/l moves 157 winner white x1sym +156 (tot 1500)
[net/spc/it3_2.jsonl] game 6/12 elong/l moves 174 winner white x1sym +173 (tot 1579)
[net/spc/it3_3.jsonl] game 7/12 tri/s moves 61 winner black x4sym +240 (tot 1740)
[net/spc/it3_2.jsonl] game 7/12 tri/s moves 74 winner white x4sym +292 (tot 1871)
[net/spc/it3_1.jsonl] game 6/12 elong/l moves 160 winner white x1sym +159 (tot 1550)
[net/spc/it3_3.jsonl] game 8/12 tri/m moves 77 winner white x4sym +304 (tot 2044)
[net/spc/it3_2.jsonl] game 8/12 tri/m moves 60 winner white x4sym +236 (tot 2107)
[net/spc/it3_1.jsonl] game 7/12 tri/s moves 73 winner black x4sym +288 (tot 1838)
[net/spc/it3_1.jsonl] game 8/12 tri/m moves 108 winner white x4sym +428 (tot 2266)
[net/spc/it3_3.jsonl] game 9/12 tri/l moves 114 winner white x4sym +452 (tot 2496)
[net/spc/it3_2.jsonl] game 9/12 tri/l moves 133 winner white x4sym +528 (tot 2635)
[net/spc/it3_3.jsonl] game 10/12 elong/s moves 80 winner black x1sym +79 (tot 2575)
[net/spc/it3_2.jsonl] game 10/12 elong/s moves 85 winner white x1sym +84 (tot 2719)
[net/spc/it3_1.jsonl] game 9/12 tri/l moves 148 winner black x4sym +584 (tot 2850)
[net/spc/it3_3.jsonl] game 11/12 elong/m moves 121 winner white x1sym +120 (tot 2695)
[net/spc/it3_1.jsonl] game 10/12 elong/s moves 85 winner white x1sym +83 (tot 2933)
[net/spc/it3_2.jsonl] game 11/12 elong/m moves 122 winner white x1sym +121 (tot 2840)
[net/spc/it3_1.jsonl] game 11/12 elong/m moves 108 winner black x1sym +107 (tot 3040)
[net/spc/it3_2.jsonl] game 12/12 elong/l moves 158 winner white x1sym +157 (tot 2997)
DONE net/spc/it3_2.jsonl: 2997 positions
[net/spc/it3_3.jsonl] game 12/12 elong/l moves 177 winner white x1sym +175 (tot 2870)
DONE net/spc/it3_3.jsonl: 2870 positions
[net/spc/it3_1.jsonl] game 12/12 elong/l moves 177 winner black x1sym +176 (tot 3216)
DONE net/spc/it3_1.jsonl: 3216 positions
[net/spc/it4_1.jsonl] game 1/12 tri/s moves 65 winner black x4sym +256 (tot 256)
[net/spc/it4_2.jsonl] game 1/12 tri/s moves 67 winner white x4sym +260 (tot 260)
[net/spc/it4_3.jsonl] game 1/12 tri/s moves 66 winner black x4sym +260 (tot 260)
[net/spc/it4_3.jsonl] game 2/12 tri/m moves 92 winner black x4sym +364 (tot 624)
[net/spc/it4_2.jsonl] game 2/12 tri/m moves 97 winner black x4sym +384 (tot 644)
[net/spc/it4_1.jsonl] game 2/12 tri/m moves 112 winner black x4sym +444 (tot 700)
[net/spc/it4_3.jsonl] game 3/12 tri/l moves 108 winner white x4sym +428 (tot 1052)
[net/spc/it4_1.jsonl] game 3/12 tri/l moves 127 winner white x4sym +504 (tot 1204)
[net/spc/it4_2.jsonl] game 3/12 tri/l moves 134 winner white x4sym +532 (tot 1176)
[net/spc/it4_3.jsonl] game 4/12 elong/s moves 95 winner white x1sym +94 (tot 1146)
[net/spc/it4_1.jsonl] game 4/12 elong/s moves 82 winner black x1sym +81 (tot 1285)
[net/spc/it4_2.jsonl] game 4/12 elong/s moves 80 winner black x1sym +79 (tot 1255)
[net/spc/it4_3.jsonl] game 5/12 elong/m moves 109 winner black x1sym +108 (tot 1254)
[net/spc/it4_1.jsonl] game 5/12 elong/m moves 121 winner white x1sym +120 (tot 1405)
[net/spc/it4_2.jsonl] game 5/12 elong/m moves 126 winner white x1sym +125 (tot 1380)
[net/spc/it4_1.jsonl] game 6/12 elong/l moves 167 winner black x1sym +166 (tot 1571)
[net/spc/it4_3.jsonl] game 6/12 elong/l moves 176 winner white x1sym +175 (tot 1429)
[net/spc/it4_1.jsonl] game 7/12 tri/s moves 70 winner black x4sym +276 (tot 1847)
[net/spc/it4_3.jsonl] game 7/12 tri/s moves 65 winner white x4sym +256 (tot 1685)
[net/spc/it4_1.jsonl] game 8/12 tri/m moves 102 winner black x4sym +400 (tot 2247)
[net/spc/it4_3.jsonl] game 8/12 tri/m moves 92 winner white x4sym +360 (tot 2045)
[net/spc/it4_2.jsonl] game 6/12 elong/l moves 163 winner black x1sym +162 (tot 1542)
[net/spc/it4_2.jsonl] game 7/12 tri/s moves 71 winner white x4sym +280 (tot 1822)
[net/spc/it4_2.jsonl] game 8/12 tri/m moves 94 winner white x4sym +372 (tot 2194)
[net/spc/it4_1.jsonl] game 9/12 tri/l moves 144 winner white x4sym +572 (tot 2819)
[net/spc/it4_3.jsonl] game 9/12 tri/l moves 132 winner white x4sym +524 (tot 2569)
[net/spc/it4_1.jsonl] game 10/12 elong/s moves 75 winner black x1sym +74 (tot 2893)
[net/spc/it4_3.jsonl] game 10/12 elong/s moves 81 winner white x1sym +79 (tot 2648)
[net/spc/it4_2.jsonl] game 9/12 tri/l moves 109 winner white x4sym +432 (tot 2626)
[net/spc/it4_2.jsonl] game 10/12 elong/s moves 87 winner white x1sym +86 (tot 2712)
[net/spc/it4_1.jsonl] game 11/12 elong/m moves 116 winner black x1sym +114 (tot 3007)
[net/spc/it4_3.jsonl] game 11/12 elong/m moves 118 winner black x1sym +117 (tot 2765)
[net/spc/it4_2.jsonl] game 11/12 elong/m moves 122 winner black x1sym +121 (tot 2833)
[net/spc/it4_3.jsonl] game 12/12 elong/l moves 163 winner black x1sym +162 (tot 2927)
DONE net/spc/it4_3.jsonl: 2927 positions
[net/spc/it4_1.jsonl] game 12/12 elong/l moves 184 winner black x1sym +183 (tot 3190)
DONE net/spc/it4_1.jsonl: 3190 positions
[net/spc/it4_2.jsonl] game 12/12 elong/l moves 155 winner white x1sym +154 (tot 2987)
DONE net/spc/it4_2.jsonl: 2987 positions
[net/spc/it5_2.jsonl] game 1/12 tri/s moves 64 winner black x4sym +252 (tot 252)
[net/spc/it5_1.jsonl] game 1/12 tri/s moves 73 winner white x4sym +288 (tot 288)
[net/spc/it5_3.jsonl] game 1/12 tri/s moves 76 winner white x4sym +300 (tot 300)
[net/spc/it5_1.jsonl] game 2/12 tri/m moves 92 winner white x4sym +364 (tot 652)
[net/spc/it5_2.jsonl] game 2/12 tri/m moves 90 winner black x4sym +356 (tot 608)
[net/spc/it5_3.jsonl] game 2/12 tri/m moves 107 winner black x4sym +424 (tot 724)
[net/spc/it5_2.jsonl] game 3/12 tri/l moves 108 winner black x4sym +428 (tot 1036)
[net/spc/it5_1.jsonl] game 3/12 tri/l moves 127 winner black x4sym +504 (tot 1156)
[net/spc/it5_3.jsonl] game 3/12 tri/l moves 126 winner black x4sym +500 (tot 1224)
[net/spc/it5_2.jsonl] game 4/12 elong/s moves 90 winner white x1sym +88 (tot 1124)
[net/spc/it5_1.jsonl] game 4/12 elong/s moves 69 winner white x1sym +68 (tot 1224)
[net/spc/it5_3.jsonl] game 4/12 elong/s moves 67 winner black x1sym +66 (tot 1290)
[net/spc/it5_3.jsonl] game 5/12 elong/m moves 126 winner black x1sym +125 (tot 1415)
[net/spc/it5_2.jsonl] game 5/12 elong/m moves 116 winner white x1sym +115 (tot 1239)
[net/spc/it5_1.jsonl] game 5/12 elong/m moves 118 winner black x1sym +117 (tot 1341)
[net/spc/it5_3.jsonl] game 6/12 elong/l moves 165 winner white x1sym +164 (tot 1579)
[net/spc/it5_3.jsonl] game 7/12 tri/s moves 60 winner black x4sym +236 (tot 1815)
[net/spc/it5_1.jsonl] game 6/12 elong/l moves 151 winner white x1sym +150 (tot 1491)
[net/spc/it5_1.jsonl] game 7/12 tri/s moves 66 winner black x4sym +256 (tot 1747)
[net/spc/it5_3.jsonl] game 8/12 tri/m moves 77 winner white x4sym +304 (tot 2119)
[net/spc/it5_2.jsonl] game 6/12 elong/l moves 167 winner white x1sym +166 (tot 1405)
[net/spc/it5_1.jsonl] game 8/12 tri/m moves 106 winner white x4sym +420 (tot 2167)
[net/spc/it5_2.jsonl] game 7/12 tri/s moves 73 winner white x4sym +284 (tot 1689)
[net/spc/it5_3.jsonl] game 9/12 tri/l moves 132 winner black x4sym +524 (tot 2643)
[net/spc/it5_2.jsonl] game 8/12 tri/m moves 81 winner white x4sym +320 (tot 2009)
[net/spc/it5_3.jsonl] game 10/12 elong/s moves 75 winner black x1sym +74 (tot 2717)
[net/spc/it5_1.jsonl] game 9/12 tri/l moves 120 winner black x4sym +476 (tot 2643)
[net/spc/it5_1.jsonl] game 10/12 elong/s moves 81 winner black x1sym +80 (tot 2723)
[net/spc/it5_2.jsonl] game 9/12 tri/l moves 120 winner black x4sym +476 (tot 2485)
[net/spc/it5_3.jsonl] game 11/12 elong/m moves 124 winner white x1sym +122 (tot 2839)
[net/spc/it5_2.jsonl] game 10/12 elong/s moves 94 winner white x1sym +92 (tot 2577)
[net/spc/it5_1.jsonl] game 11/12 elong/m moves 121 winner white x1sym +120 (tot 2843)
[net/spc/it5_2.jsonl] game 11/12 elong/m moves 126 winner black x1sym +125 (tot 2702)
[net/spc/it5_3.jsonl] game 12/12 elong/l moves 168 winner white x1sym +167 (tot 3006)
DONE net/spc/it5_3.jsonl: 3006 positions
[net/spc/it5_1.jsonl] game 12/12 elong/l moves 160 winner black x1sym +159 (tot 3002)
DONE net/spc/it5_1.jsonl: 3002 positions
[net/spc/it5_2.jsonl] game 12/12 elong/l moves 178 winner black x1sym +175 (tot 2877)
DONE net/spc/it5_2.jsonl: 2877 positions
[net/spc/it6_2.jsonl] game 1/12 tri/s moves 50 winner black x4sym +196 (tot 196)
[net/spc/it6_1.jsonl] game 1/12 tri/s moves 54 winner black x4sym +212 (tot 212)
[net/spc/it6_3.jsonl] game 1/12 tri/s moves 68 winner black x4sym +268 (tot 268)
[net/spc/it6_1.jsonl] game 2/12 tri/m moves 82 winner black x4sym +324 (tot 536)
[net/spc/it6_3.jsonl] game 2/12 tri/m moves 90 winner black x4sym +352 (tot 620)
[net/spc/it6_2.jsonl] game 2/12 tri/m moves 108 winner black x4sym +428 (tot 624)
[net/spc/it6_3.jsonl] game 3/12 tri/l moves 125 winner white x4sym +496 (tot 1116)
[net/spc/it6_2.jsonl] game 3/12 tri/l moves 120 winner black x4sym +476 (tot 1100)
[net/spc/it6_1.jsonl] game 3/12 tri/l moves 135 winner white x4sym +536 (tot 1072)
[net/spc/it6_3.jsonl] game 4/12 elong/s moves 92 winner white x1sym +91 (tot 1207)
[net/spc/it6_1.jsonl] game 4/12 elong/s moves 83 winner white x1sym +82 (tot 1154)
[net/spc/it6_2.jsonl] game 4/12 elong/s moves 87 winner black x1sym +86 (tot 1186)
[net/spc/it6_1.jsonl] game 5/12 elong/m moves 116 winner black x1sym +115 (tot 1269)
[net/spc/it6_2.jsonl] game 5/12 elong/m moves 110 winner black x1sym +109 (tot 1295)
[net/spc/it6_3.jsonl] game 5/12 elong/m moves 112 winner white x1sym +111 (tot 1318)
[net/spc/it6_2.jsonl] game 6/12 elong/l moves 166 winner white x1sym +165 (tot 1460)
[net/spc/it6_1.jsonl] game 6/12 elong/l moves 170 winner white x1sym +169 (tot 1438)
[net/spc/it6_2.jsonl] game 7/12 tri/s moves 70 winner white x4sym +276 (tot 1736)
[net/spc/it6_1.jsonl] game 7/12 tri/s moves 47 winner black x4sym +184 (tot 1622)
[net/spc/it6_3.jsonl] game 6/12 elong/l moves 167 winner white x1sym +166 (tot 1484)
[net/spc/it6_2.jsonl] game 8/12 tri/m moves 79 winner black x4sym +312 (tot 2048)
[net/spc/it6_3.jsonl] game 7/12 tri/s moves 56 winner black x4sym +220 (tot 1704)
[net/spc/it6_1.jsonl] game 8/12 tri/m moves 86 winner black x4sym +340 (tot 1962)
[net/spc/it6_3.jsonl] game 8/12 tri/m moves 90 winner black x4sym +356 (tot 2060)
[net/spc/it6_1.jsonl] game 9/12 tri/l moves 123 winner white x4sym +488 (tot 2450)
[net/spc/it6_2.jsonl] game 9/12 tri/l moves 150 winner white x4sym +596 (tot 2644)
[net/spc/it6_1.jsonl] game 10/12 elong/s moves 77 winner white x1sym +76 (tot 2526)
[net/spc/it6_2.jsonl] game 10/12 elong/s moves 87 winner white x1sym +86 (tot 2730)
[net/spc/it6_3.jsonl] game 9/12 tri/l moves 124 winner black x4sym +488 (tot 2548)
[net/spc/it6_3.jsonl] game 10/12 elong/s moves 86 winner white x1sym +84 (tot 2632)
[net/spc/it6_1.jsonl] game 11/12 elong/m moves 115 winner white x1sym +114 (tot 2640)
[net/spc/it6_2.jsonl] game 11/12 elong/m moves 128 winner white x1sym +127 (tot 2857)
[net/spc/it6_3.jsonl] game 11/12 elong/m moves 107 winner white x1sym +106 (tot 2738)
[net/spc/it6_1.jsonl] game 12/12 elong/l moves 152 winner black x1sym +151 (tot 2791)
DONE net/spc/it6_1.jsonl: 2791 positions
[net/spc/it6_2.jsonl] game 12/12 elong/l moves 155 winner black x1sym +154 (tot 3011)
DONE net/spc/it6_2.jsonl: 3011 positions
[net/spc/it6_3.jsonl] game 12/12 elong/l moves 174 winner white x1sym +172 (tot 2910)
DONE net/spc/it6_3.jsonl: 2910 positions
[net/spc/it7_2.jsonl] game 1/12 tri/s moves 58 winner black x4sym +228 (tot 228)
[net/spc/it7_3.jsonl] game 1/12 tri/s moves 61 winner white x4sym +240 (tot 240)
[net/spc/it7_1.jsonl] game 1/12 tri/s moves 63 winner black x4sym +248 (tot 248)
[net/spc/it7_2.jsonl] game 2/12 tri/m moves 85 winner white x4sym +336 (tot 564)
[net/spc/it7_3.jsonl] game 2/12 tri/m moves 91 winner black x4sym +360 (tot 600)
[net/spc/it7_1.jsonl] game 2/12 tri/m moves 94 winner black x4sym +372 (tot 620)
[net/spc/it7_1.jsonl] game 3/12 tri/l moves 97 winner white x4sym +384 (tot 1004)
[net/spc/it7_3.jsonl] game 3/12 tri/l moves 102 winner black x4sym +404 (tot 1004)
[net/spc/it7_2.jsonl] game 3/12 tri/l moves 131 winner white x4sym +516 (tot 1080)
[net/spc/it7_1.jsonl] game 4/12 elong/s moves 80 winner white x1sym +79 (tot 1083)
[net/spc/it7_3.jsonl] game 4/12 elong/s moves 74 winner black x1sym +73 (tot 1077)
[net/spc/it7_2.jsonl] game 4/12 elong/s moves 87 winner white x1sym +86 (tot 1166)
[net/spc/it7_1.jsonl] game 5/12 elong/m moves 114 winner white x1sym +113 (tot 1196)
[net/spc/it7_2.jsonl] game 5/12 elong/m moves 126 winner white x1sym +124 (tot 1290)
[net/spc/it7_3.jsonl] game 5/12 elong/m moves 128 winner black x1sym +127 (tot 1204)
[net/spc/it7_1.jsonl] game 6/12 elong/l moves 173 winner black x1sym +171 (tot 1367)
[net/spc/it7_2.jsonl] game 6/12 elong/l moves 157 winner white x1sym +156 (tot 1446)
[net/spc/it7_1.jsonl] game 7/12 tri/s moves 80 winner black x4sym +312 (tot 1679)
[net/spc/it7_2.jsonl] game 7/12 tri/s moves 78 winner black x4sym +308 (tot 1754)
[net/spc/it7_3.jsonl] game 6/12 elong/l moves 165 winner white x1sym +164 (tot 1368)
[net/spc/it7_3.jsonl] game 7/12 tri/s moves 61 winner white x4sym +240 (tot 1608)
[net/spc/it7_1.jsonl] game 8/12 tri/m moves 109 winner white x4sym +432 (tot 2111)
[net/spc/it7_2.jsonl] game 8/12 tri/m moves 106 winner black x4sym +420 (tot 2174)
[net/spc/it7_3.jsonl] game 8/12 tri/m moves 88 winner black x4sym +344 (tot 1952)
[net/spc/it7_2.jsonl] game 9/12 tri/l moves 117 winner black x4sym +464 (tot 2638)
[net/spc/it7_1.jsonl] game 9/12 tri/l moves 121 winner white x4sym +480 (tot 2591)
[net/spc/it7_3.jsonl] game 9/12 tri/l moves 120 winner white x4sym +476 (tot 2428)
[net/spc/it7_1.jsonl] game 10/12 elong/s moves 67 winner white x1sym +66 (tot 2657)
[net/spc/it7_2.jsonl] game 10/12 elong/s moves 79 winner black x1sym +78 (tot 2716)
[net/spc/it7_3.jsonl] game 10/12 elong/s moves 79 winner black x1sym +78 (tot 2506)
[net/spc/it7_1.jsonl] game 11/12 elong/m moves 114 winner white x1sym +113 (tot 2770)
[net/spc/it7_2.jsonl] game 11/12 elong/m moves 124 winner white x1sym +123 (tot 2839)
[net/spc/it7_3.jsonl] game 11/12 elong/m moves 119 winner black x1sym +118 (tot 2624)
[net/spc/it7_1.jsonl] game 12/12 elong/l moves 163 winner white x1sym +161 (tot 2931)
DONE net/spc/it7_1.jsonl: 2931 positions
[net/spc/it7_2.jsonl] game 12/12 elong/l moves 171 winner white x1sym +170 (tot 3009)
DONE net/spc/it7_2.jsonl: 3009 positions
[net/spc/it7_3.jsonl] game 12/12 elong/l moves 155 winner white x1sym +154 (tot 2778)
DONE net/spc/it7_3.jsonl: 2778 positions
[net/spc/it8_3.jsonl] game 1/12 tri/s moves 46 winner black x4sym +180 (tot 180)
[net/spc/it8_1.jsonl] game 1/12 tri/s moves 58 winner white x4sym +228 (tot 228)
[net/spc/it8_2.jsonl] game 1/12 tri/s moves 66 winner black x4sym +256 (tot 256)
[net/spc/it8_3.jsonl] game 2/12 tri/m moves 86 winner white x4sym +340 (tot 520)
[net/spc/it8_1.jsonl] game 2/12 tri/m moves 88 winner black x4sym +348 (tot 576)
[net/spc/it8_2.jsonl] game 2/12 tri/m moves 94 winner black x4sym +368 (tot 624)
[net/spc/it8_2.jsonl] game 3/12 tri/l moves 130 winner black x4sym +516 (tot 1140)
[net/spc/it8_1.jsonl] game 3/12 tri/l moves 132 winner white x4sym +520 (tot 1096)
[net/spc/it8_3.jsonl] game 3/12 tri/l moves 138 winner black x4sym +548 (tot 1068)
[net/spc/it8_1.jsonl] game 4/12 elong/s moves 94 winner white x1sym +92 (tot 1188)
[net/spc/it8_3.jsonl] game 4/12 elong/s moves 81 winner white x1sym +80 (tot 1148)
[net/spc/it8_2.jsonl] game 4/12 elong/s moves 84 winner black x1sym +83 (tot 1223)
[net/spc/it8_1.jsonl] game 5/12 elong/m moves 119 winner black x1sym +117 (tot 1305)
[net/spc/it8_3.jsonl] game 5/12 elong/m moves 119 winner black x1sym +117 (tot 1265)
[net/spc/it8_2.jsonl] game 5/12 elong/m moves 114 winner white x1sym +113 (tot 1336)
[net/spc/it8_1.jsonl] game 6/12 elong/l moves 180 winner black x1sym +179 (tot 1484)
[net/spc/it8_3.jsonl] game 6/12 elong/l moves 178 winner white x1sym +177 (tot 1442)
[net/spc/it8_1.jsonl] game 7/12 tri/s moves 77 winner white x4sym +304 (tot 1788)
[net/spc/it8_3.jsonl] game 7/12 tri/s moves 57 winner black x4sym +224 (tot 1666)
[net/spc/it8_2.jsonl] game 6/12 elong/l moves 173 winner white x1sym +172 (tot 1508)
[net/spc/it8_2.jsonl] game 7/12 tri/s moves 60 winner black x4sym +236 (tot 1744)
[net/spc/it8_1.jsonl] game 8/12 tri/m moves 73 winner white x4sym +288 (tot 2076)
[net/spc/it8_3.jsonl] game 8/12 tri/m moves 101 winner white x4sym +400 (tot 2066)
[net/spc/it8_2.jsonl] game 8/12 tri/m moves 92 winner white x4sym +364 (tot 2108)
[net/spc/it8_1.jsonl] game 9/12 tri/l moves 116 winner white x4sym +460 (tot 2536)
[net/spc/it8_1.jsonl] game 10/12 elong/s moves 64 winner black x1sym +63 (tot 2599)
[net/spc/it8_3.jsonl] game 9/12 tri/l moves 147 winner white x4sym +584 (tot 2650)
[net/spc/it8_2.jsonl] game 9/12 tri/l moves 123 winner black x4sym +488 (tot 2596)
[net/spc/it8_2.jsonl] game 10/12 elong/s moves 79 winner white x1sym +78 (tot 2674)
[net/spc/it8_3.jsonl] game 10/12 elong/s moves 89 winner black x1sym +88 (tot 2738)
[net/spc/it8_1.jsonl] game 11/12 elong/m moves 115 winner white x1sym +113 (tot 2712)
[net/spc/it8_3.jsonl] game 11/12 elong/m moves 116 winner black x1sym +114 (tot 2852)
[net/spc/it8_2.jsonl] game 11/12 elong/m moves 123 winner black x1sym +122 (tot 2796)
[net/spc/it8_1.jsonl] game 12/12 elong/l moves 175 winner black x1sym +174 (tot 2886)
DONE net/spc/it8_1.jsonl: 2886 positions
[net/spc/it8_3.jsonl] game 12/12 elong/l moves 155 winner black x1sym +153 (tot 3005)
DONE net/spc/it8_3.jsonl: 3005 positions
[net/spc/it8_2.jsonl] game 12/12 elong/l moves 169 winner black x1sym +168 (tot 2964)
DONE net/spc/it8_2.jsonl: 2964 positions
[net/spc/it9_1.jsonl] game 1/12 tri/s moves 65 winner black x4sym +256 (tot 256)
[net/spc/it9_2.jsonl] game 1/12 tri/s moves 75 winner white x4sym +296 (tot 296)
[net/spc/it9_3.jsonl] game 1/12 tri/s moves 72 winner black x4sym +284 (tot 284)
[net/spc/it9_1.jsonl] game 2/12 tri/m moves 90 winner black x4sym +356 (tot 612)
[net/spc/it9_2.jsonl] game 2/12 tri/m moves 95 winner black x4sym +376 (tot 672)
[net/spc/it9_3.jsonl] game 2/12 tri/m moves 106 winner black x4sym +416 (tot 700)
[net/spc/it9_3.jsonl] game 3/12 tri/l moves 102 winner white x4sym +404 (tot 1104)
[net/spc/it9_1.jsonl] game 3/12 tri/l moves 126 winner black x4sym +500 (tot 1112)
[net/spc/it9_2.jsonl] game 3/12 tri/l moves 149 winner white x4sym +592 (tot 1264)
[net/spc/it9_3.jsonl] game 4/12 elong/s moves 80 winner white x1sym +79 (tot 1183)
[net/spc/it9_1.jsonl] game 4/12 elong/s moves 88 winner white x1sym +87 (tot 1199)
[net/spc/it9_2.jsonl] game 4/12 elong/s moves 95 winner white x1sym +94 (tot 1358)
[net/spc/it9_3.jsonl] game 5/12 elong/m moves 105 winner white x1sym +104 (tot 1287)
[net/spc/it9_1.jsonl] game 5/12 elong/m moves 111 winner white x1sym +110 (tot 1309)
[net/spc/it9_2.jsonl] game 5/12 elong/m moves 107 winner white x1sym +104 (tot 1462)
[net/spc/it9_3.jsonl] game 6/12 elong/l moves 155 winner white x1sym +154 (tot 1441)
[net/spc/it9_3.jsonl] game 7/12 tri/s moves 68 winner white x4sym +268 (tot 1709)
[net/spc/it9_2.jsonl] game 6/12 elong/l moves 161 winner black x1sym +160 (tot 1622)
[net/spc/it9_2.jsonl] game 7/12 tri/s moves 67 winner white x4sym +264 (tot 1886)
[net/spc/it9_3.jsonl] game 8/12 tri/m moves 89 winner white x4sym +352 (tot 2061)
[net/spc/it9_2.jsonl] game 8/12 tri/m moves 101 winner black x4sym +400 (tot 2286)
[net/spc/it9_1.jsonl] game 6/12 elong/l moves 167 winner white x1sym +166 (tot 1475)
[net/spc/it9_1.jsonl] game 7/12 tri/s moves 69 winner black x4sym +272 (tot 1747)
[net/spc/it9_3.jsonl] game 9/12 tri/l moves 133 winner black x4sym +528 (tot 2589)
[net/spc/it9_1.jsonl] game 8/12 tri/m moves 105 winner white x4sym +412 (tot 2159)
[net/spc/it9_2.jsonl] game 9/12 tri/l moves 134 winner white x4sym +532 (tot 2818)
[net/spc/it9_3.jsonl] game 10/12 elong/s moves 92 winner black x1sym +91 (tot 2680)
[net/spc/it9_2.jsonl] game 10/12 elong/s moves 85 winner black x1sym +83 (tot 2901)
[net/spc/it9_1.jsonl] game 9/12 tri/l moves 115 winner black x4sym +456 (tot 2615)
[net/spc/it9_3.jsonl] game 11/12 elong/m moves 129 winner black x1sym +128 (tot 2808)
[net/spc/it9_1.jsonl] game 10/12 elong/s moves 86 winner black x1sym +85 (tot 2700)
[net/spc/it9_2.jsonl] game 11/12 elong/m moves 115 winner white x1sym +114 (tot 3015)
[net/spc/it9_1.jsonl] game 11/12 elong/m moves 120 winner black x1sym +119 (tot 2819)
[net/spc/it9_3.jsonl] game 12/12 elong/l moves 169 winner black x1sym +168 (tot 2976)
DONE net/spc/it9_3.jsonl: 2976 positions
[net/spc/it9_2.jsonl] game 12/12 elong/l moves 178 winner black x1sym +177 (tot 3192)
DONE net/spc/it9_2.jsonl: 3192 positions
[net/spc/it9_1.jsonl] game 12/12 elong/l moves 167 winner black x1sym +166 (tot 2985)
DONE net/spc/it9_1.jsonl: 2985 positions
